// Jest Snapshot v1, https://goo.gl/fbAQLP

exports[`should render a Task component 1`] = `
ShallowWrapper {
  "length": 1,
  Symbol(enzyme.__root__): [Circular],
  Symbol(enzyme.__unrendered__): <Unknown
    task={
      Object {
        "completedAt": null,
        "dependencyIds": Array [
          1,
        ],
        "group": "Purchases",
        "id": 1,
        "task": "Go to the bank",
      }
    }
  />,
  Symbol(enzyme.__renderer__): Object {
    "batchedUpdates": [Function],
    "getNode": [Function],
    "render": [Function],
    "simulateEvent": [Function],
    "unmount": [Function],
  },
  Symbol(enzyme.__node__): Object {
    "instance": null,
    "key": undefined,
    "nodeType": "class",
    "props": Object {
      "task": Object {
        "completedAt": null,
        "dependencyIds": Array [
          1,
        ],
        "group": "Purchases",
        "id": 1,
        "task": "Go to the bank",
      },
    },
    "ref": null,
    "rendered": null,
    "type": [Function],
  },
  Symbol(enzyme.__nodes__): Array [
    Object {
      "instance": null,
      "key": undefined,
      "nodeType": "class",
      "props": Object {
        "task": Object {
          "completedAt": null,
          "dependencyIds": Array [
            1,
          ],
          "group": "Purchases",
          "id": 1,
          "task": "Go to the bank",
        },
      },
      "ref": null,
      "rendered": null,
      "type": [Function],
    },
  ],
  Symbol(enzyme.__options__): Object {
    "adapter": ReactSixteenAdapter {
      "options": Object {
        "enableComponentDidUpdateOnSetState": true,
      },
    },
  },
}
`;
